separate__rtt0__c100__p256__none__r0 2009.6 0
separate__rtt0__c100__p256_mldsa44__none__r0 710.8 0
separate__rtt0__c100__p256_mldsa44__thread__r0 725.3 0
separate__rtt0__c100__p256_mldsa44__pool2__r0 720.6 0
separate__rtt0__c100__p256__none__r1 2052.3 0
separate__rtt0__c100__p256_mldsa44__none__r1 691.0 0
separate__rtt0__c100__p256_mldsa44__thread__r1 640.3 0
separate__rtt0__c100__p256_mldsa44__pool2__r1 655.8 0
separate__rtt0__c100__p256__none__r2 2073.8 0
separate__rtt0__c100__p256_mldsa44__none__r2 744.8 0
separate__rtt0__c100__p256_mldsa44__thread__r2 645.3 0
separate__rtt0__c100__p256_mldsa44__pool2__r2 697.2 0
separate__rtt0__c500__p256__none__r0 1899.9 0
separate__rtt0__c500__p256_mldsa44__none__r0 720.4 0
separate__rtt0__c500__p256_mldsa44__thread__r0 631.3 0
separate__rtt0__c500__p256_mldsa44__pool2__r0 625.3 0
separate__rtt0__c500__p256__none__r1 1886.5 0
separate__rtt0__c500__p256_mldsa44__none__r1 738.3 0
separate__rtt0__c500__p256_mldsa44__thread__r1 722.2 0
separate__rtt0__c500__p256_mldsa44__pool2__r1 719.3 0
separate__rtt0__c500__p256__none__r2 2018.3 0
separate__rtt0__c500__p256_mldsa44__none__r2 704.5 0
separate__rtt0__c500__p256_mldsa44__thread__r2 689.2 0
separate__rtt0__c500__p256_mldsa44__pool2__r2 664.8 0
separate__rtt50__c100__p256__none__r0 648.5 0
separate__rtt50__c100__p256_mldsa44__none__r0 486.1 0
separate__rtt50__c100__p256_mldsa44__thread__r0 464.0 0
separate__rtt50__c100__p256_mldsa44__pool2__r0 467.6 0
separate__rtt50__c100__p256__none__r1 640.5 0
separate__rtt50__c100__p256_mldsa44__none__r1 490.1 0
separate__rtt50__c100__p256_mldsa44__thread__r1 487.4 0
separate__rtt50__c100__p256_mldsa44__pool2__r1 489.9 0
separate__rtt50__c100__p256__none__r2 647.7 0
separate__rtt50__c100__p256_mldsa44__none__r2 498.7 0
separate__rtt50__c100__p256_mldsa44__thread__r2 480.7 0
separate__rtt50__c100__p256_mldsa44__pool2__r2 463.1 0
separate__rtt50__c500__p256__none__r0 1809.8 0
separate__rtt50__c500__p256_mldsa44__none__r0 661.5 0
separate__rtt50__c500__p256_mldsa44__thread__r0 652.3 0
separate__rtt50__c500__p256_mldsa44__pool2__r0 615.4 0
separate__rtt50__c500__p256__none__r1 1817.8 0
separate__rtt50__c500__p256_mldsa44__none__r1 655.2 0
separate__rtt50__c500__p256_mldsa44__thread__r1 670.0 0
separate__rtt50__c500__p256_mldsa44__pool2__r1 657.0 0
separate__rtt50__c500__p256__none__r2 1927.3 0
separate__rtt50__c500__p256_mldsa44__none__r2 698.3 0
separate__rtt50__c500__p256_mldsa44__thread__r2 681.9 0
separate__rtt50__c500__p256_mldsa44__pool2__r2 598.8 0
colocated__rtt0__c100__p256__none__r0 1312.2 0
colocated__rtt0__c100__p256_mldsa44__none__r0 390.0 0
colocated__rtt0__c100__p256_mldsa44__thread__r0 495.7 0
colocated__rtt0__c100__p256_mldsa44__pool2__r0 504.0 0
colocated__rtt0__c100__p256__none__r1 1334.0 0
colocated__rtt0__c100__p256_mldsa44__none__r1 512.5 0
colocated__rtt0__c100__p256_mldsa44__thread__r1 492.2 0
colocated__rtt0__c100__p256_mldsa44__pool2__r1 492.2 0
colocated__rtt0__c100__p256__none__r2 1333.9 0
colocated__rtt0__c100__p256_mldsa44__none__r2 543.7 0
colocated__rtt0__c100__p256_mldsa44__thread__r2 485.3 0
colocated__rtt0__c100__p256_mldsa44__pool2__r2 502.9 0
colocated__rtt0__c500__p256__none__r0 1317.0 0
colocated__rtt0__c500__p256_mldsa44__none__r0 532.8 0
colocated__rtt0__c500__p256_mldsa44__thread__r0 475.4 0
colocated__rtt0__c500__p256_mldsa44__pool2__r0 498.2 0
colocated__rtt0__c500__p256__none__r1 1318.4 0
colocated__rtt0__c500__p256_mldsa44__none__r1 495.5 0
colocated__rtt0__c500__p256_mldsa44__thread__r1 450.7 0
colocated__rtt0__c500__p256_mldsa44__pool2__r1 473.3 0
colocated__rtt0__c500__p256__none__r2 1314.5 0
colocated__rtt0__c500__p256_mldsa44__none__r2 507.7 0
colocated__rtt0__c500__p256_mldsa44__thread__r2 509.2 0
colocated__rtt0__c500__p256_mldsa44__pool2__r2 488.1 0
colocated__rtt50__c100__p256__none__r0 640.0 0
colocated__rtt50__c100__p256_mldsa44__none__r0 428.3 0
colocated__rtt50__c100__p256_mldsa44__thread__r0 421.0 0
colocated__rtt50__c100__p256_mldsa44__pool2__r0 412.7 0
colocated__rtt50__c100__p256__none__r1 637.9 0
colocated__rtt50__c100__p256_mldsa44__none__r1 453.2 0
colocated__rtt50__c100__p256_mldsa44__thread__r1 426.3 0
colocated__rtt50__c100__p256_mldsa44__pool2__r1 414.8 0
colocated__rtt50__c100__p256__none__r2 631.5 0
colocated__rtt50__c100__p256_mldsa44__none__r2 450.1 0
colocated__rtt50__c100__p256_mldsa44__thread__r2 431.4 0
colocated__rtt50__c100__p256_mldsa44__pool2__r2 433.6 0
colocated__rtt50__c500__p256__none__r0 1370.2 0
colocated__rtt50__c500__p256_mldsa44__none__r0 502.2 0
colocated__rtt50__c500__p256_mldsa44__thread__r0 461.5 0
colocated__rtt50__c500__p256_mldsa44__pool2__r0 498.1 0
colocated__rtt50__c500__p256__none__r1 1292.7 0
colocated__rtt50__c500__p256_mldsa44__none__r1 521.7 0
colocated__rtt50__c500__p256_mldsa44__thread__r1 466.2 0
colocated__rtt50__c500__p256_mldsa44__pool2__r1 496.0 0
colocated__rtt50__c500__p256__none__r2 1220.2 0
colocated__rtt50__c500__p256_mldsa44__none__r2 449.5 0
colocated__rtt50__c500__p256_mldsa44__thread__r2 448.6 0
colocated__rtt50__c500__p256_mldsa44__pool2__r2 474.3 0
